MemTotal:       196703832 kB
MemFree:        182740080 kB
MemAvailable:   184708468 kB
Buffers:          432984 kB
Cached:          2592152 kB
SwapCached:            0 kB
Active:           603684 kB
Inactive:        2504732 kB
Active(anon):     217548 kB
Inactive(anon):        0 kB
Active(file):     386136 kB
Inactive(file):  2504732 kB
Unevictable:        3072 kB
Mlocked:               0 kB
SwapTotal:       4194300 kB
SwapFree:        4194300 kB
Zswap:                 0 kB
Zswapped:              0 kB
Dirty:                 8 kB
Writeback:             0 kB
AnonPages:         85408 kB
Mapped:           201076 kB
Shmem:            134240 kB
KReclaimable:     340096 kB
Slab:            1270124 kB
SReclaimable:     340096 kB
SUnreclaim:       930028 kB
KernelStack:       17248 kB
PageTables:         3968 kB
SecPageTables:         0 kB
NFS_Unstable:          0 kB
Bounce:                0 kB
WritebackTmp:          0 kB
CommitLimit:    99924776 kB
Committed_AS:     573288 kB
VmallocTotal:   34359738367 kB
VmallocUsed:      281224 kB
VmallocChunk:          0 kB
Percpu:           259584 kB
HardwareCorrupted:     0 kB
AnonHugePages:     12288 kB
ShmemHugePages:        0 kB
ShmemPmdMapped:        0 kB
FileHugePages:         0 kB
FilePmdMapped:         0 kB
CmaTotal:              0 kB
CmaFree:               0 kB
Unaccepted:            0 kB
HugePages_Total:    2560
HugePages_Free:     2560
HugePages_Rsvd:        0
HugePages_Surp:        0
Hugepagesize:       2048 kB
Hugetlb:         5242880 kB
DirectMap4k:      517076 kB
DirectMap2M:    13854720 kB
DirectMap1G:    1771044864 kB
